         RICOH SFX LINKER  Ver 2.02    Mon Apr 20 17:19:33 1992 page 01

   FILE NAME        MODULE       SECTION        START      END           SIZE
   zel_main.rel     zel_main     ASEG           00:8000    00:89c1       09c2
   zel_vma.rel      zel_vma      ASEG           00:89e0    00:98aa       0ecb
   zel_data0.rel    zel_data0    ASEG           00:98c0    00:cf45       3686
   zel_char0.rel    zel_char0    ASEG           00:cfc0    00:e891       18d2
   zel_comn.rel     zel_comn     ASEG           00:e8b0    00:f7e0       0f31
   zel_sub0.rel     zel_sub0     ASEG           00:f800    00:ffb6       07b7
   zel_main.rel     zel_main     ASEG           00:ffc0    00:ffdf       0020
   zel_main.rel     zel_main     ASEG           00:ffe4    00:ffe5       0002
   zel_main.rel     zel_main     ASEG           00:ffe8    00:ffef       0008
   zel_main.rel     zel_main     ASEG           00:fff4    00:ffff       000c
   zel_make.rel     zel_make     ASEG           01:8000    01:b53b       353c
   zel_bgwt.rel     zel_bgwt     ASEG           01:b560    01:feab       494c
   zel_com1.rel     zel_com1     ASEG           01:feb0    01:fffc       014d
   zel_init.rel     zel_init     ASEG           02:8000    02:c250       4251
   zel_isub.rel     zel_isub     ASEG           02:c270    02:fcd1       3a62
   zel_char2.rel    zel_char2    ASEG           02:fd00    02:ffc6       02c7
   zel_sut0.rel     zel_sut0     ASEG           03:8000    03:b3ef       33f0
   zel_sut1.rel     zel_sut1     ASEG           03:b400    03:e7ef       33f0
   zel_edmg.rel     zel_edmg     ASEG           03:e800    03:eb0b       030c
   zel_rmdt19.rel   zel_rmdt19   ASEG           03:eb90    03:ffe4       1455
   zel_sut2.rel     zel_sut2     ASEG           04:8000    04:b3ef       33f0
   zel_sut3.rel     zel_sut3     ASEG           04:b400    04:e7ef       33f0
   zel_djdt.rel     zel_djdt     ASEG           04:e800    04:fb2e       132f
   zel_sindt.rel    zel_sindt    ASEG           04:fb40    04:ff4e       040f
   zel_enmy2.rel    zel_enmy2    ASEG           05:8000    05:fffe       7fff
   zel_enmy.rel     zel_enmy     ASEG           06:8000    06:fff7       7ff8
   zel_play.rel     zel_play     ASEG           07:8000    07:f89c       789d
   zel_gsub.rel     zel_gsub     ASEG           07:f8a0    07:ffff       0760
   zel_exst.rel     zel_exst     ASEG           08:8000    08:fffd       7ffe
   zel_bms1.rel     zel_bms1     ASEG           09:8000    09:ae29       2e2a
   zel_endt.rel     zel_endt     ASEG           09:ae40    09:f252       4413
   zel_gover.rel    zel_gover    ASEG           09:f270    09:f7c3       0554
   zel_obj_poly.rel zel_obj_poly ASEG           09:f7de    09:fcac       04cf
   zel_obj_grph.rel zel_obj_grph ASEG           09:fcae    09:ff8b       02de
   zel_obj_data.rel zel_obj_data ASEG           09:ff8c    09:ffff       0074
   zel_rmdt09.rel   zel_rmdt09   ASEG           0a:8000    0a:b729       372a
   zel_gmap.rel     zel_gmap     ASEG           0a:b750    0a:e0b8       2969
   zel_dmap.rel     zel_dmap     ASEG           0a:e0c0    0a:fcc9       1c0a
   zel_bg31.rel     zel_bg31     ASEG           0a:fd00    0a:fe37       0138
   zel_bgmv.rel     zel_bgmv     ASEG           0a:fe70    0a:fffa       018b
   zel_mpd0.rel     zel_mpd0     ASEG           0b:8000    0b:fe5d       7e5e
   zel_int0.rel     zel_int0     ASEG           0b:fe70    0b:fff5       0186
   zel_mpd1.rel     zel_mpd1     ASEG           0c:8000    0c:c10b       410c
   zel_title.rel    zel_title    ASEG           0c:c120    0c:fd86       3c67
   zel_char3.rel    zel_char3    ASEG           0c:fdd0    0c:fff5       0226
   zel_pysb.rel     zel_pysb     ASEG           0d:8000    0d:afdc       2fdd
   zel_end2.rel     zel_end2     ASEG           0d:b080    0d:db06       2a87
   zel_bg30.rel     zel_bg30     ASEG           0d:db40    0d:ffe0       24a1
   zel_mjdt.rel     zel_mjdt     ASEG           0e:8000    0e:c243       4244
   zel_ending.rel   zel_ending   ASEG           0e:c250    0e:edfa       2bab
   zel_msge0.rel    zel_msge0    ASEG           0e:ee10    0e:fd7d       0f6e
   zel_bms2.rel     zel_bms2     ASEG           0e:ffa0    0e:ffe4       0045
   zel_mut1.rel     zel_mut1     ASEG           0f:8000    0f:f51f       7520
   zel_gnd1.rel     zel_gnd1     ASEG           0f:f540    0f:f72e       01ef
   zel_code.rel     zel_code     ASEG           0f:f780    0f:ff93       0814
   zel_dsub.rel     zel_dsub     ASEG           18:bc00    18:bff0       03f1
   zel_enmy5.rel    zel_enmy5    ASEG           1a:f500    1a:fffd       0afe
   zel_grnd.rel     zel_grnd     ASEG           1b:b800    1b:d1d7       19d8
   zel_char1.rel    zel_char1    ASEG           1b:d218    1b:f107       1ef0
   zel_endz.rel     zel_endz     ASEG           1b:f110    1b:ffbf       0eb0
   zel_msge1.rel    zel_msge1    ASEG           1c:8000    1c:f3d4       73d5
   zel_ply1.rel     zel_ply1     ASEG           1c:f500    1c:fd8e       088f
   zel_enmy4.rel    zel_enmy4    ASEG           1d:8000    1d:fff7       7ff8
   zel_enmy3.rel    zel_enmy3    ASEG           1e:8000    1e:ffdd       7fde
   zel_rmdt9.rel    zel_rmdt9    ASEG           1f:8000    1f:ff4d       7f4e
